// Jest Snapshot v1, https://goo.gl/fbAQLP

exports[`WelcomeScreen rendering WelcomeScreen renders correctly 1`] = `null`;
