// Jest Snapshot v1, https://goo.gl/fbAQLP

exports[`AudioPlayer rendering AudioPlayer renders correctly 1`] = `[Function]`;
